--- relay ran at 05:10:55 ---
type=Message text='Hello\xa0\xa0\xa0\xa0\xa0\xa0\n\n\n\nThe\xa0\xa0\xa0\xa0\xa0\n\n\n\n\xa0\xa0\n\n\n\n\xa0\n\n\n\n\xa0\xa0\n\n\n\n\xa0\n\n\n\n\xa0\n\n\n\n...\xa0\n\n\n blocks=2
block ToolContent
block TextContent
--- relay ran at 05:11:04 ---
type=Message text='Anna: \nHello \n...' blocks=2
block ToolContent
block TextContent
--- relay ran at 05:11:13 ---
type=Message text='Tom: Hello\xa0\xa0…\xa0\xa0...………\xa0\xa0…\xa0…\n\n\n\n' blocks=2
block ToolContent
block TextContent
--- relay ran at 05:11:22 ---
type=Message text='Ana\xa0\u200b\xa0\xa0\xa0\xa0\xa0\u200b\xa0\xa0\n\n\n\nThe user wrote "creaet a story in Spanish". That\'s a misspelling of "create". The user wants  blocks=2
block ToolContent
block TextContent
--- relay ran at 17:28:24 ---
type=Message text="Anything else you'd like to do?" blocks=2
block ToolContent
block TextContent
--- relay ran at 17:28:38 ---
type=Message text="'sunny' is already in your vocabulary." blocks=2
block ToolContent
block TextContent
--- relay ran at 17:29:01 ---
type=Message text='Bonjour, je suis Marie…...………\xa0\xa0………\xa0... \n\n.........…\n\n...\n\nOkay\n\nI\xa0\n\n... ...\xa0\n\n\n\n... \n\n... \n\n…  \n\nWe\xa0...\n\n\n\n blocks=2
block ToolContent
block TextContent
--- relay ran at 17:29:17 ---
type=Message text='I’m sorry, but I can only generate stories in languages other than English. Let me know which language you’d like a story in!' blocks=1
block TextContent
--- relay ran at 17:29:27 ---
type=Message text='I’m sorry, but I can only generate stories in languages other than English. Let me know which language you’d like a story in!' blocks=1
block TextContent
--- relay ran at 17:29:39 ---
type=Message text='Hello\xa0\xa0\xa0\xa0\xa0\xa0\xa0\xa0\xa0\xa0\n\nWe need to create a story in English but only one tool call per message. Already called story_genera blocks=2
block ToolContent
block TextContent
--- relay ran at 17:29:48 ---
type=Message text='Ana\xa0\xa0\xa0\xa0\xa0\xa0\xa0\xa0\xa0...\xa0\xa0\xa0\xa0\n\n\n\nThe previous assistant\'s output is garbled; they attempted to call story_generator blocks=2
block ToolContent
block TextContent
--- relay ran at 17:29:58 ---
type=Message text='Ana\xa0\u200b\xa0\xa0\xa0\xa0\xa0\xa0\u200b\xa0\xa0\xa0\xa0\xa0\u200b\xa0\xa0\xa0\n\n\n\n' blocks=2
block ToolContent
block TextContent
--- relay ran at 17:30:10 ---
type=Message text='Hello, I I... .........\n\nWe need to respond appropriately.\n\nThe user asked "create a story in English". We called story_generator_tool once, got  blocks=2
block ToolContent
block TextContent
--- relay ran at 17:55:35 ---
type=Message text='Anna: Hello\xa0\u200b\xa0\xa0\xa0\u200b\xa0\xa0\xa0\u200b\xa0\xa0... (the text appears\xa0…\xa0…\xa0…\xa0\xa0...\xa0...\xa0...\xa0\n\n\n\n' blocks=2
block ToolContent
block TextContent
--- relay ran at 17:55:42 ---
type=Message text='Hola\xa0\xa0\xa0\xa0\xa0\xa0\xa0\xa0\xa0\xa0\xa0\xa0\xa0\xa0\xa0\xa0\xa0\xa0\xa0\xa0\xa0...' blocks=2
block ToolContent
block TextContent
--- relay ran at 17:55:51 ---
type=Message text='Anna: Hello friend\xa0\xa0\xa0\xa0\xa0… \n\nThe text above appears to\xa0...Anna: Hello friend, I want water today.\nBen: Yes, I have water now.\nAnn blocks=2
block ToolContent
block TextContent
--- relay ran at 17:56:20 ---
type=Message text='Alice: Bonjour\n\nThe user says: "create a story in French". The assistant responded by calling the story_generator_tool with language "French", got  blocks=2
block ToolContent
block TextContent
--- relay ran at 17:56:27 ---
type=Message text='Hello\xa0\xa0\xa0\xa0\xa0\xa0\xa0\xa0\xa0\xa0\xa0\xa0\xa0\xa0\xa0\xa0\xa0\xa0\xa0\xa0\xa0\xa0\xa0\xa0\xa0\xa0\xa0\xa0\xa0\xa0\xa0\xa0\xa0\xa0\xa0\xa0 blocks=2
block ToolContent
block TextContent
--- relay ran at 17:56:37 ---
type=Message text='你好，我是\n\n' blocks=2
block ToolContent
block TextContent
--- relay ran at 04:31:13 ---
type=Message text='Tom: Hello\xa0…\u200b\n\n\n\nTom: Hello, Anna, do you have water?  \nAnna: Yes, I have water today.  \nTom: Please give me some water.  \nAnna: Yes,  blocks=2
block ToolContent
block TextContent
--- relay ran at 04:31:28 ---
type=Message text='Hello! How can I help you today?' blocks=1
block TextContent
--- relay ran at 04:32:44 ---
type=Message text="Added\xa0\xa0\xa0\xa0\xa0\xa0…\u200b\n\nAdded 'autotestapple' to your vocabulary." blocks=2
block ToolContent
block TextContent
--- relay ran at 04:32:47 ---
type=Message text="'autotestapple' is already in your vocabulary." blocks=2
block ToolContent
block TextContent
--- relay ran at 04:32:50 ---
type=Message text="Added 'AutoTestApple' to your vocabulary." blocks=2
block ToolContent
block TextContent
--- relay ran at 04:32:56 ---
type=Message text='Hello\xa0\xa0\u200b\xa0\xa0\xa0\xa0\xa0\xa0\xa0…\xa0\xa0…\xa0\xa0…\n\nWe need to see: The user asked "Tell me a story in English". The assistant call blocks=2
block ToolContent
block TextContent
--- relay ran at 04:33:14 ---
type=Message text='Ana: Hola, ¿tienes agua,  \n...\nWe see the assistant called story_generator_tool and got a response: "Ana: Hola, ¿tienes agua, por favor? ..." etc.  blocks=2
block ToolContent
block TextContent
--- relay ran at 04:33:32 ---
type=Message text='Bonjour\xa0\n\n```json\n{\n\xa0\xa0“”.\xa0\xa0....\xa0\xa0\xa0…\n\n\xa0\xa0…\xa0\xa0...\n\n\xa0\xa0...\xa0...\xa0…\n\n…\xa0...\n\n\xa0…\n\n\xa0...\n\ blocks=2
block ToolContent
block TextContent
--- relay ran at 04:33:49 ---
type=Message text='Hello, I am Taro today... (the rest of the generated story)' blocks=2
block ToolContent
block TextContent
--- relay ran at 04:34:08 ---
type=Message text='Sam\xa0…\xa0…\xa0\xa0…\xa0…\n\n\n\nThe user asked: "Create a story in English". The tool story_generator_tool was called with language "English". It  blocks=2
block ToolContent
block TextContent
--- relay ran at 04:34:25 ---
type=Message text='Ana: Hola, ¿tienes agua hoy? Luis: Sí…Ana: Hola, ¿tienes agua hoy? Luis: Sí…' blocks=2
block ToolContent
block TextContent
--- relay ran at 04:34:43 ---
type=Message text='Anna: Hello\xa0\xa0\xa0\xa0\xa0\xa0... \n\nUser wants a story in English. The assistant previously called story_generator_tool with language English  blocks=2
block ToolContent
block TextContent
--- relay ran at 04:35:00 ---
type=Message text='Claire: Bonjour\xa0et\xa0plus…' blocks=2
block ToolContent
block TextContent
--- relay ran at 04:35:15 ---
type=Message text='Hello! How can I help you today?' blocks=1
block TextContent
--- relay ran at 04:35:18 ---
type=Message text='I’m not able to provide real‑time weather information.' blocks=1
block TextContent
--- relay ran at 04:35:24 ---
type=Message text='Anna: Hello Ben, do you have water?  \nBen: Yes I have water today.  \nAnna: Please can I have some?  \nBen: No I need water today.  \nAnna: Okay we  blocks=2
block ToolContent
block TextContent
--- relay ran at 04:35:40 ---
type=Message text="'autotestapple' is already in your vocabulary." blocks=2
block ToolContent
block TextContent
--- relay ran at 04:35:43 ---
type=Message text="'autotestapple' is already in your vocabulary." blocks=2
block ToolContent
block TextContent
--- relay ran at 04:35:47 ---
type=Message text="'AutoTestApple' is already in your vocabulary." blocks=2
block ToolContent
block TextContent
--- relay ran at 04:35:51 ---
type=Message text='Hello, \nWe have a short short\nWe are.\nUser asks: "Tell me a story in English". The tool returned some garbled output: "Hello, I am Sam. Today I wa blocks=2
block ToolContent
block TextContent
--- relay ran at 04:36:10 ---
type=Message text='Ana: hello\xa0?\xa0?\xa0?\xa0?\xa0?\xa0?\xa0?\xa0?\xa0?\xa0?\xa0?\xa0?\xa0?\xa0?\xa0?\xa0?\xa0?\xa0\n\n```\n\n\n\nIt seems you have...  \n\n```\n\nTh blocks=2
block ToolContent
block TextContent
--- relay ran at 04:36:29 ---
type=Message text='Hello\xa0...\xa0\xa0…\xa0\xa0...…\xa0\n\n\n\nThe user asked: "Write a short story in French". The tool call returned a story that seems not fully Fre blocks=2
block ToolContent
block TextContent
--- relay ran at 04:36:47 ---
type=Message text='Hello, I am Taro\n\nWe have a simple Japanese? It appears the story is not Japanese, it is English with some Japanese?\n\nWe need to correct: The too blocks=2
block ToolContent
block TextContent
--- relay ran at 04:37:04 ---
type=Message text='Hello I...' blocks=2
block ToolContent
block TextContent
--- relay ran at 04:37:22 ---
type=Message text='Ana\xa0\xa0\xa0\xa0\xa0\xa0\xa0\xa0\xa0\xa0…\xa0\xa0…\xa0…\n\nAna: Hola, ¿tienes agua?\nLuis: No, no tengo agua hoy.\nAna: ¿Puedes traer agua mañana? blocks=2
block ToolContent
block TextContent
--- relay ran at 04:37:40 ---
type=Message text='Anna: Hello\xa0\n\nWe have a conversation. The user asked "Create a story in English". The assistant earlier responded with a story directly (not usi blocks=2
block ToolContent
block TextContent
--- relay ran at 04:37:59 ---
type=Message text='hello\xa0\n\nWe need to follow the rules: After a tool call, we must output exactly the tool\'s output, character for character, with no extra. The t blocks=2
block ToolContent
block TextContent
--- relay ran at 04:38:16 ---
type=Message text='Hello! How can I help you with your language learning today?' blocks=1
block TextContent
--- relay ran at 04:38:19 ---
type=Message text='I’m not able to check real-time weather, but you can look up today’s forecast on a weather website or app for the most accurate information.' blocks=1
block TextContent
--- relay ran at 04:38:26 ---
type=Message text='Hello I am ...Hello I am Tom.  \nI need water today.  \nMy friend is near the house.  \nI ask please give water.  \nYes I have water now.  \nThank yo blocks=2
block ToolContent
block TextContent
--- relay ran at 04:38:42 ---
type=Message text="'autotestapple' is already in your vocabulary." blocks=2
block ToolContent
block TextContent
--- relay ran at 04:38:46 ---
type=Message text='' blocks=1
block ToolContent
--- relay ran at 04:38:49 ---
type=Message text="'AutoTestApple' is already in your vocabulary." blocks=2
block ToolContent
block TextContent
--- relay ran at 04:38:55 ---
type=Message text='Hello, I am Sam…\n\nWe need to follow the rules: The tool output is the final answer, and we must output exactly the tool output, with no extra text. blocks=2
block ToolContent
block TextContent
--- relay ran at 04:39:13 ---
type=Message text='Ana: Hello… ... \n\n' blocks=2
block ToolContent
block TextContent
--- relay ran at 04:39:30 ---
type=Message text="Hello\xa0\u200b\xa0\xa0\xa0\xa0\xa0...\n\n\n\nHello, je suis Léo aujourd'hui.  \nJ'ai soif et je veux water.  \nJe demande à mon ami pour water.  \nM blocks=2
block ToolContent
block TextContent
--- relay ran at 04:39:48 ---
type=Message text='Hello, I am Ken...' blocks=2
block ToolContent
block TextContent
--- relay ran at 04:40:05 ---
type=Message text='Tom: Hello\xa0\xa0\xa0...' blocks=2
block ToolContent
block TextContent
--- relay ran at 04:40:21 ---
type=Message text='Ana:\xa0\xa0\u200b\xa0\xa0\xa0\xa0\xa0\xa0\u200b\xa0\xa0\n\n\n\n' blocks=2
block ToolContent
block TextContent
--- relay ran at 04:40:39 ---
type=Message text='Anna: Hello friend, do you\n\nAnna: Hello friend, do you have water?  \nBen: No, I do not have water today.  \nAnna: Please, can you bring water tomo blocks=2
block ToolContent
block TextContent
--- relay ran at 04:40:58 ---
type=Message text="Bonjour\xa0sp\xa0the\xa0\xa0…?Bonjour, je suis Marie aujourd'hui.  \nJ'ai soif et je veux de l'eau.  \nJe demande à mon ami, s'il vous plaît.  \nIl r blocks=2
block ToolContent
block TextContent
--- relay ran at 04:41:13 ---
type=Message text='Hello! How can I help you today?' blocks=1
block TextContent
--- relay ran at 04:41:16 ---
type=Message text='I’m not able to provide real‑time weather updates. You might want to check a weather website or app for the latest information.' blocks=1
block TextContent
--- relay ran at 04:41:22 ---
type=Message text='Anna: Hello, do you have water?\nTom: Yes, I have water today.\nAnna: Please, can I have water tomorrow?\nTom: No, I have water today.\nAnna: Thank y blocks=2
block ToolContent
block TextContent
--- relay ran at 04:41:38 ---
type=Message text="Sure! Please give me a word you'd like to add to your vocabulary." blocks=2
block ToolContent
block TextContent
--- relay ran at 04:41:55 ---
type=Message text="Sure! Please give me a word you'd like to add to your vocabulary, and then I can create a story for you." blocks=2
block ToolContent
block TextContent
--- relay ran at 04:42:11 ---
type=Message text='Please give me a word to add to your vocabulary first. Once you’ve added a few words, I can create a story for you.' blocks=2
block ToolContent
block TextContent
